// Jest Snapshot v1, https://goo.gl/fbAQLP

exports[`it works it loads line items 1`] = `
<p
  className="body-sourceSans-2"
>
  <strong>
    Label
    : 
  </strong>
  content
</p>
`;

exports[`it works it loads without crashing 1`] = `null`;
