// Jest Snapshot v1, https://goo.gl/fbAQLP

exports[`it works it loads without crashing 1`] = `
<iframe
  className="iframe"
  height={0}
/>
`;
