// Jest Snapshot v1, https://goo.gl/fbAQLP

exports[`it renders the footer navs it displays the desktop version 1`] = `"<footer class=\\"footer\\"><section class=\\"footer_widgets\\"><form name=\\"emailSignup\\" class=\\"emailSignup\\" method=\\"POST\\" data-netlify=\\"true\\"><div class=\\"emailSignup\\"><label element=\\"label\\" for=\\"email\\" class=\\"emailSignup_label\\">Signup For Our Newsletter</label><input type=\\"text\\" element=\\"input\\" name=\\"email\\" required=\\"\\" placeholder=\\"\\" class=\\"emailSignup_input\\"/></div><div class=\\"formInput\\"><input type=\\"submit\\" element=\\"input\\" value=\\"Sign Up\\" class=\\"formInput_input\\"/></div></form></section><nav class=\\"footerNavDesktop\\"><a class=\\"footerNavDesktop_link\\" href=\\"/link\\">Link</a><a class=\\"footerNavDesktop_link\\" href=\\"/other-link\\">Other Link</a></nav></footer>"`;

exports[`it renders the footer navs it displays the mobile version 1`] = `"<nav class=\\"footerNavMobile\\"><a class=\\"footerNavMobile_link\\" href=\\"/link\\">Link</a><a class=\\"footerNavMobile_link\\" href=\\"/other-link\\">Other Link</a></nav>"`;
