// Jest Snapshot v1, https://goo.gl/fbAQLP

exports[`it works it loads routes crashing 1`] = `
<nav
  className="footerNav"
>
  <a
    className="footerNav_link"
    href="/path"
    onClick={[Function]}
    onMouseEnter={[Function]}
  >
    Path
  </a>
</nav>
`;

exports[`it works it loads without crashing 1`] = `null`;
