// Jest Snapshot v1, https://goo.gl/fbAQLP

exports[`it works it loads without crashing 1`] = `
<button
  className="button-yellow"
  style={
    Object {
      "margin": "0",
      "width": "inherit",
    }
  }
  type="button"
>
  <span
    className="button_text-sourceSans"
  />
</button>
`;
